2026-07-04 22:28:58,597 | [SIFT-DBT] | INFO | __main__ | Run ID: 20260704_222858_sift_dbt_swin_s1050_s2500_optA_prior_wvote | tasks=(0, 1, 2, 3, 4, 5, 6, 7) | dropout=0.50 | prior=wvote | S1(ep=50, pat=10, lr=5e-05) | S2(ep=500, pat=30, lr=1e-04)
2026-07-04 22:28:58,597 | [SIFT-DBT] | INFO | __main__ | Attention prior values (per task): [0.0, 0.5, 0.5, 0.5, 0.0, 1.5, 1.5, 1.5]
2026-07-04 22:28:58,598 | [SIFT-DBT] | INFO | __main__ | Log file: /home/leggo/AIResearch/VOGBasedMCIDetectionSystemMobileViTSingleExperimentInference/outputs/logs/run_20260704_222858_sift_dbt_swin_s1050_s2500_optA_prior_wvote.log
2026-07-04 22:28:58,599 | [SIFT-DBT] | INFO | __main__ | Loading 4-error CWT cache from: /home/leggo/AIResearch/VOGBasedMCIDetectionSystemMobileViTSingleExperimentInference/outputs/cache/data_store_meta_4err.pkl
2026-07-04 22:28:58,848 | [SIFT-DBT] | INFO | full_experiments_using.data_processor.data_engineering | Loaded preprocessed data_store from cache: /home/leggo/AIResearch/VOGBasedMCIDetectionSystemMobileViTSingleExperimentInference/outputs/cache/data_store_meta_4err.pkl (9378 epochs)
2026-07-04 22:28:58,962 | [SIFT-DBT] | INFO | __main__ | Stage 1 flat windows: 9378 (across 37 unique subjects)
2026-07-04 22:28:59,171 | [SIFT-DBT] | INFO | __main__ | Stage 2 subject bundles: 37  (shape=Ragged[N=37, Tasks=8, Trials=Dynamic])  dropped=0
2026-07-04 22:28:59,305 | [SIFT-DBT] | INFO | candidates.f_swin_sift_dbt.hybrid_trainer | Hybrid CV — 30 folds | device=cuda | tasks=8 | S1(epochs=50, patience=10, lr=5e-05) | S2(epochs=500, patience=30, lr=1e-04) | attention_prior=on
2026-07-04 22:28:59,307 | [SIFT-DBT] | INFO | candidates.f_swin_sift_dbt.hybrid_trainer | ============================================================
2026-07-04 22:28:59,307 | [SIFT-DBT] | INFO | candidates.f_swin_sift_dbt.hybrid_trainer | === Fold 01/30 | train: 25 subj | test: 12 subj ===
2026-07-04 22:28:59,309 | [SIFT-DBT] | INFO | candidates.f_swin_sift_dbt.hybrid_trainer | Stage 1 fold 1 — flat windows: train 5452 (subj=22)  val 855 (subj=3)
2026-07-04 22:28:59,608 | [SIFT-DBT] | INFO | httpx | HTTP Request: HEAD https://huggingface.co/microsoft/swin-tiny-patch4-window7-224/resolve/main/config.json "HTTP/1.1 307 Temporary Redirect"
2026-07-04 22:28:59,624 | [SIFT-DBT] | INFO | httpx | HTTP Request: HEAD https://huggingface.co/api/resolve-cache/models/microsoft/swin-tiny-patch4-window7-224/d00d478bfaf1f417d34a1186673ad4b4be264c51/config.json "HTTP/1.1 200 OK"
2026-07-04 22:28:59,919 | [SIFT-DBT] | INFO | httpx | HTTP Request: HEAD https://huggingface.co/microsoft/swin-tiny-patch4-window7-224/resolve/main/model.safetensors "HTTP/1.1 302 Found"
2026-07-04 22:29:00,947 | [SIFT-DBT] | INFO | candidates.f_swin_sift_dbt.model_trainers.stage1_trainer | Stage 1 CE weights — HC: 1.185  MCI: 0.865
2026-07-04 22:29:47,676 | [SIFT-DBT] | INFO | candidates.f_swin_sift_dbt.model_trainers.stage1_trainer | S1-Ep [001/50] T-Loss: 0.6627  T-Acc:  59.7%  V-Loss: 0.6632  V-Acc:  65.0%  LR: 1.00e-05
2026-07-04 22:30:31,243 | [SIFT-DBT] | INFO | candidates.f_swin_sift_dbt.model_trainers.stage1_trainer | S1-Ep [002/50] T-Loss: 0.6429  T-Acc:  61.9%  V-Loss: 0.7883  V-Acc:  47.5%  LR: 2.00e-05
2026-07-04 22:31:13,354 | [SIFT-DBT] | INFO | candidates.f_swin_sift_dbt.model_trainers.stage1_trainer | S1-Ep [003/50] T-Loss: 0.6121  T-Acc:  64.9%  V-Loss: 0.9709  V-Acc:  42.5%  LR: 3.00e-05
2026-07-04 22:31:55,484 | [SIFT-DBT] | INFO | candidates.f_swin_sift_dbt.model_trainers.stage1_trainer | S1-Ep [004/50] T-Loss: 0.5993  T-Acc:  66.9%  V-Loss: 0.8117  V-Acc:  53.1%  LR: 4.00e-05
2026-07-04 22:32:37,614 | [SIFT-DBT] | INFO | candidates.f_swin_sift_dbt.model_trainers.stage1_trainer | S1-Ep [005/50] T-Loss: 0.5787  T-Acc:  68.5%  V-Loss: 0.7340  V-Acc:  58.6%  LR: 5.00e-05
2026-07-04 22:33:19,682 | [SIFT-DBT] | INFO | candidates.f_swin_sift_dbt.model_trainers.stage1_trainer | S1-Ep [006/50] T-Loss: 0.4888  T-Acc:  76.3%  V-Loss: 0.7857  V-Acc:  63.5%  LR: 5.00e-05
2026-07-04 22:34:01,833 | [SIFT-DBT] | INFO | candidates.f_swin_sift_dbt.model_trainers.stage1_trainer | S1-Ep [007/50] T-Loss: 0.3806  T-Acc:  82.8%  V-Loss: 1.2974  V-Acc:  46.0%  LR: 5.00e-05
2026-07-04 22:34:43,947 | [SIFT-DBT] | INFO | candidates.f_swin_sift_dbt.model_trainers.stage1_trainer | S1-Ep [008/50] T-Loss: 0.2635  T-Acc:  88.7%  V-Loss: 1.4481  V-Acc:  52.2%  LR: 5.00e-05
2026-07-04 22:35:26,140 | [SIFT-DBT] | INFO | candidates.f_swin_sift_dbt.model_trainers.stage1_trainer | S1-Ep [009/50] T-Loss: 0.1944  T-Acc:  92.3%  V-Loss: 2.2946  V-Acc:  47.3%  LR: 5.00e-05
2026-07-04 22:36:08,228 | [SIFT-DBT] | INFO | candidates.f_swin_sift_dbt.model_trainers.stage1_trainer | S1-Ep [010/50] T-Loss: 0.1622  T-Acc:  93.8%  V-Loss: 2.3194  V-Acc:  44.7%  LR: 5.00e-05
2026-07-04 22:36:50,475 | [SIFT-DBT] | INFO | candidates.f_swin_sift_dbt.model_trainers.stage1_trainer | S1-Ep [011/50] T-Loss: 0.1248  T-Acc:  95.4%  V-Loss: 1.9483  V-Acc:  53.0%  LR: 5.00e-05
2026-07-04 22:36:50,476 | [SIFT-DBT] | INFO | candidates.f_swin_sift_dbt.model_trainers.stage1_trainer | Stage 1 early stop — best val loss 0.6632 at epoch 1
2026-07-04 22:36:50,476 | [SIFT-DBT] | INFO | candidates.f_swin_sift_dbt.model_trainers.stage1_trainer | Stage 1 done. Best val loss: 0.6632 (epoch 1)
2026-07-04 22:36:50,621 | [SIFT-DBT] | INFO | candidates.f_swin_sift_dbt.hybrid_trainer | Stage 2 fold 1 — bundles: train 25 (subj=25)  test 12 (subj=12)
2026-07-04 22:36:50,991 | [SIFT-DBT] | INFO | httpx | HTTP Request: HEAD https://huggingface.co/microsoft/swin-tiny-patch4-window7-224/resolve/main/config.json "HTTP/1.1 307 Temporary Redirect"
2026-07-04 22:36:51,009 | [SIFT-DBT] | INFO | httpx | HTTP Request: HEAD https://huggingface.co/api/resolve-cache/models/microsoft/swin-tiny-patch4-window7-224/d00d478bfaf1f417d34a1186673ad4b4be264c51/config.json "HTTP/1.1 200 OK"
2026-07-04 22:36:51,287 | [SIFT-DBT] | INFO | httpx | HTTP Request: HEAD https://huggingface.co/microsoft/swin-tiny-patch4-window7-224/resolve/main/model.safetensors "HTTP/1.1 302 Found"
2026-07-04 22:36:51,734 | [SIFT-DBT] | INFO | candidates.f_swin_sift_dbt.model_trainers.stage2_trainer | Stage 2 trainable params: 0.074 M  |  frozen: 27.519 M
2026-07-04 22:36:51,736 | [SIFT-DBT] | INFO | candidates.f_swin_sift_dbt.model_trainers.stage2_trainer | Stage 2 CE weights — HC: 1.250  MCI: 0.833
2026-07-04 22:37:25,766 | [SIFT-DBT] | INFO | candidates.f_swin_sift_dbt.model_trainers.stage2_trainer | S2-Ep [001/500] T-Acc:  60.0%  V-Acc:  66.7%  V-AUROC: 0.2812  LR: 2.00e-05
2026-07-04 22:37:49,024 | [SIFT-DBT] | INFO | candidates.f_swin_sift_dbt.model_trainers.stage2_trainer | S2-Ep [002/500] T-Acc:  60.0%  V-Acc:  66.7%  V-AUROC: 0.3125  LR: 4.00e-05
2026-07-04 22:38:14,084 | [SIFT-DBT] | INFO | candidates.f_swin_sift_dbt.model_trainers.stage2_trainer | S2-Ep [003/500] T-Acc:  60.0%  V-Acc:  66.7%  V-AUROC: 0.3750  LR: 6.00e-05
2026-07-04 22:38:39,337 | [SIFT-DBT] | INFO | candidates.f_swin_sift_dbt.model_trainers.stage2_trainer | S2-Ep [004/500] T-Acc:  60.0%  V-Acc:  66.7%  V-AUROC: 0.4375  LR: 8.00e-05
2026-07-04 22:39:03,835 | [SIFT-DBT] | INFO | candidates.f_swin_sift_dbt.model_trainers.stage2_trainer | S2-Ep [005/500] T-Acc:  60.0%  V-Acc:  66.7%  V-AUROC: 0.4688  LR: 1.00e-04
2026-07-04 22:39:31,972 | [SIFT-DBT] | INFO | candidates.f_swin_sift_dbt.model_trainers.stage2_trainer | S2-Ep [006/500] T-Acc:  60.0%  V-Acc:  66.7%  V-AUROC: 0.4688  LR: 1.00e-04
2026-07-04 22:39:54,915 | [SIFT-DBT] | INFO | candidates.f_swin_sift_dbt.model_trainers.stage2_trainer | S2-Ep [007/500] T-Acc:  60.0%  V-Acc:  66.7%  V-AUROC: 0.4688  LR: 1.00e-04
2026-07-04 22:40:18,283 | [SIFT-DBT] | INFO | candidates.f_swin_sift_dbt.model_trainers.stage2_trainer | S2-Ep [008/500] T-Acc:  60.0%  V-Acc:  66.7%  V-AUROC: 0.4688  LR: 1.00e-04
2026-07-04 22:40:41,368 | [SIFT-DBT] | INFO | candidates.f_swin_sift_dbt.model_trainers.stage2_trainer | S2-Ep [009/500] T-Acc:  60.0%  V-Acc:  66.7%  V-AUROC: 0.5312  LR: 1.00e-04
2026-07-04 22:41:07,535 | [SIFT-DBT] | INFO | candidates.f_swin_sift_dbt.model_trainers.stage2_trainer | S2-Ep [010/500] T-Acc:  60.0%  V-Acc:  66.7%  V-AUROC: 0.5625  LR: 1.00e-04
2026-07-04 22:41:32,233 | [SIFT-DBT] | INFO | candidates.f_swin_sift_dbt.model_trainers.stage2_trainer | S2-Ep [011/500] T-Acc:  60.0%  V-Acc:  66.7%  V-AUROC: 0.5625  LR: 1.00e-04
2026-07-04 22:41:55,190 | [SIFT-DBT] | INFO | candidates.f_swin_sift_dbt.model_trainers.stage2_trainer | S2-Ep [012/500] T-Acc:  60.0%  V-Acc:  66.7%  V-AUROC: 0.5625  LR: 1.00e-04
2026-07-04 22:42:18,112 | [SIFT-DBT] | INFO | candidates.f_swin_sift_dbt.model_trainers.stage2_trainer | S2-Ep [013/500] T-Acc:  60.0%  V-Acc:  66.7%  V-AUROC: 0.5625  LR: 1.00e-04
2026-07-04 22:42:41,024 | [SIFT-DBT] | INFO | candidates.f_swin_sift_dbt.model_trainers.stage2_trainer | S2-Ep [014/500] T-Acc:  60.0%  V-Acc:  66.7%  V-AUROC: 0.5938  LR: 1.00e-04
2026-07-04 22:43:06,110 | [SIFT-DBT] | INFO | candidates.f_swin_sift_dbt.model_trainers.stage2_trainer | S2-Ep [015/500] T-Acc:  60.0%  V-Acc:  66.7%  V-AUROC: 0.5938  LR: 1.00e-04
2026-07-04 22:43:29,069 | [SIFT-DBT] | INFO | candidates.f_swin_sift_dbt.model_trainers.stage2_trainer | S2-Ep [016/500] T-Acc:  60.0%  V-Acc:  66.7%  V-AUROC: 0.5938  LR: 1.00e-04
2026-07-04 22:43:52,073 | [SIFT-DBT] | INFO | candidates.f_swin_sift_dbt.model_trainers.stage2_trainer | S2-Ep [017/500] T-Acc:  60.0%  V-Acc:  66.7%  V-AUROC: 0.5938  LR: 1.00e-04
2026-07-04 22:44:15,043 | [SIFT-DBT] | INFO | candidates.f_swin_sift_dbt.model_trainers.stage2_trainer | S2-Ep [018/500] T-Acc:  60.0%  V-Acc:  66.7%  V-AUROC: 0.5938  LR: 1.00e-04
2026-07-04 22:44:38,002 | [SIFT-DBT] | INFO | candidates.f_swin_sift_dbt.model_trainers.stage2_trainer | S2-Ep [019/500] T-Acc:  60.0%  V-Acc:  66.7%  V-AUROC: 0.5938  LR: 1.00e-04
2026-07-04 22:45:00,870 | [SIFT-DBT] | INFO | candidates.f_swin_sift_dbt.model_trainers.stage2_trainer | S2-Ep [020/500] T-Acc:  60.0%  V-Acc:  66.7%  V-AUROC: 0.5938  LR: 1.00e-04
2026-07-04 22:45:25,165 | [SIFT-DBT] | INFO | candidates.f_swin_sift_dbt.model_trainers.stage2_trainer | S2-Ep [021/500] T-Acc:  60.0%  V-Acc:  66.7%  V-AUROC: 0.5938  LR: 1.00e-04
2026-07-04 22:45:48,069 | [SIFT-DBT] | INFO | candidates.f_swin_sift_dbt.model_trainers.stage2_trainer | S2-Ep [022/500] T-Acc:  60.0%  V-Acc:  66.7%  V-AUROC: 0.5938  LR: 1.00e-04
2026-07-04 22:46:11,046 | [SIFT-DBT] | INFO | candidates.f_swin_sift_dbt.model_trainers.stage2_trainer | S2-Ep [023/500] T-Acc:  60.0%  V-Acc:  66.7%  V-AUROC: 0.5938  LR: 1.00e-04
2026-07-04 22:46:33,947 | [SIFT-DBT] | INFO | candidates.f_swin_sift_dbt.model_trainers.stage2_trainer | S2-Ep [024/500] T-Acc:  60.0%  V-Acc:  66.7%  V-AUROC: 0.5938  LR: 1.00e-04
2026-07-04 22:46:56,867 | [SIFT-DBT] | INFO | candidates.f_swin_sift_dbt.model_trainers.stage2_trainer | S2-Ep [025/500] T-Acc:  60.0%  V-Acc:  66.7%  V-AUROC: 0.5938  LR: 1.00e-04
2026-07-04 22:47:19,783 | [SIFT-DBT] | INFO | candidates.f_swin_sift_dbt.model_trainers.stage2_trainer | S2-Ep [026/500] T-Acc:  60.0%  V-Acc:  66.7%  V-AUROC: 0.5938  LR: 2.00e-05
2026-07-04 22:47:42,784 | [SIFT-DBT] | INFO | candidates.f_swin_sift_dbt.model_trainers.stage2_trainer | S2-Ep [027/500] T-Acc:  60.0%  V-Acc:  66.7%  V-AUROC: 0.5938  LR: 2.00e-05
2026-07-04 22:48:05,697 | [SIFT-DBT] | INFO | candidates.f_swin_sift_dbt.model_trainers.stage2_trainer | S2-Ep [028/500] T-Acc:  60.0%  V-Acc:  66.7%  V-AUROC: 0.5938  LR: 2.00e-05
2026-07-04 22:48:28,659 | [SIFT-DBT] | INFO | candidates.f_swin_sift_dbt.model_trainers.stage2_trainer | S2-Ep [029/500] T-Acc:  60.0%  V-Acc:  66.7%  V-AUROC: 0.5938  LR: 2.00e-05
2026-07-04 22:48:51,576 | [SIFT-DBT] | INFO | candidates.f_swin_sift_dbt.model_trainers.stage2_trainer | S2-Ep [030/500] T-Acc:  60.0%  V-Acc:  66.7%  V-AUROC: 0.5938  LR: 2.00e-05
2026-07-04 22:49:14,564 | [SIFT-DBT] | INFO | candidates.f_swin_sift_dbt.model_trainers.stage2_trainer | S2-Ep [031/500] T-Acc:  60.0%  V-Acc:  66.7%  V-AUROC: 0.5938  LR: 2.00e-05
2026-07-04 22:49:37,552 | [SIFT-DBT] | INFO | candidates.f_swin_sift_dbt.model_trainers.stage2_trainer | S2-Ep [032/500] T-Acc:  60.0%  V-Acc:  66.7%  V-AUROC: 0.5938  LR: 2.00e-05
2026-07-04 22:50:00,605 | [SIFT-DBT] | INFO | candidates.f_swin_sift_dbt.model_trainers.stage2_trainer | S2-Ep [033/500] T-Acc:  60.0%  V-Acc:  66.7%  V-AUROC: 0.5938  LR: 2.00e-05
2026-07-04 22:50:23,580 | [SIFT-DBT] | INFO | candidates.f_swin_sift_dbt.model_trainers.stage2_trainer | S2-Ep [034/500] T-Acc:  60.0%  V-Acc:  66.7%  V-AUROC: 0.5938  LR: 2.00e-05
2026-07-04 22:50:46,522 | [SIFT-DBT] | INFO | candidates.f_swin_sift_dbt.model_trainers.stage2_trainer | S2-Ep [035/500] T-Acc:  60.0%  V-Acc:  66.7%  V-AUROC: 0.5938  LR: 2.00e-05
2026-07-04 22:51:09,434 | [SIFT-DBT] | INFO | candidates.f_swin_sift_dbt.model_trainers.stage2_trainer | S2-Ep [036/500] T-Acc:  60.0%  V-Acc:  66.7%  V-AUROC: 0.5938  LR: 2.00e-05
2026-07-04 22:51:32,373 | [SIFT-DBT] | INFO | candidates.f_swin_sift_dbt.model_trainers.stage2_trainer | S2-Ep [037/500] T-Acc:  60.0%  V-Acc:  66.7%  V-AUROC: 0.5938  LR: 4.00e-06
2026-07-04 22:51:55,291 | [SIFT-DBT] | INFO | candidates.f_swin_sift_dbt.model_trainers.stage2_trainer | S2-Ep [038/500] T-Acc:  60.0%  V-Acc:  66.7%  V-AUROC: 0.5938  LR: 4.00e-06
2026-07-04 22:52:18,197 | [SIFT-DBT] | INFO | candidates.f_swin_sift_dbt.model_trainers.stage2_trainer | S2-Ep [039/500] T-Acc:  60.0%  V-Acc:  66.7%  V-AUROC: 0.5938  LR: 4.00e-06
2026-07-04 22:52:41,138 | [SIFT-DBT] | INFO | candidates.f_swin_sift_dbt.model_trainers.stage2_trainer | S2-Ep [040/500] T-Acc:  60.0%  V-Acc:  66.7%  V-AUROC: 0.5938  LR: 4.00e-06
2026-07-04 22:53:04,096 | [SIFT-DBT] | INFO | candidates.f_swin_sift_dbt.model_trainers.stage2_trainer | S2-Ep [041/500] T-Acc:  60.0%  V-Acc:  66.7%  V-AUROC: 0.5938  LR: 4.00e-06
2026-07-04 22:53:27,031 | [SIFT-DBT] | INFO | candidates.f_swin_sift_dbt.model_trainers.stage2_trainer | S2-Ep [042/500] T-Acc:  60.0%  V-Acc:  66.7%  V-AUROC: 0.5938  LR: 4.00e-06
2026-07-04 22:53:50,016 | [SIFT-DBT] | INFO | candidates.f_swin_sift_dbt.model_trainers.stage2_trainer | S2-Ep [043/500] T-Acc:  60.0%  V-Acc:  66.7%  V-AUROC: 0.5938  LR: 4.00e-06
2026-07-04 22:54:13,034 | [SIFT-DBT] | INFO | candidates.f_swin_sift_dbt.model_trainers.stage2_trainer | S2-Ep [044/500] T-Acc:  60.0%  V-Acc:  66.7%  V-AUROC: 0.5938  LR: 4.00e-06
2026-07-04 22:54:13,034 | [SIFT-DBT] | INFO | candidates.f_swin_sift_dbt.model_trainers.stage2_trainer | Stage 2 early stop — best AUROC 0.5938 at epoch 14
2026-07-04 22:54:13,263 | [SIFT-DBT] | INFO | candidates.f_swin_sift_dbt.model_trainers.stage2_trainer | Restored best-AUROC Stage 2 state (epoch 14, AUROC 0.5938)
2026-07-04 22:54:13,263 | [SIFT-DBT] | INFO | candidates.f_swin_sift_dbt.model_trainers.stage2_trainer | Stage 2 done. Best val AUROC: 0.5938 (epoch 14)
