2026-07-04 21:49:14,626 | [SIFT-DBT] | INFO | __main__ | Run ID: 20260704_214914_sift_dbt_swin_s1050_s2500_optA_prior_wvote | tasks=(0, 1, 2, 3, 4, 5, 6, 7) | dropout=0.50 | prior=wvote | S1(ep=50, pat=10, lr=5e-05) | S2(ep=500, pat=30, lr=1e-04)
2026-07-04 21:49:14,626 | [SIFT-DBT] | INFO | __main__ | Attention prior values (per task): [0.0, 0.5, 0.5, 0.5, 0.0, 1.5, 1.5, 1.5]
2026-07-04 21:49:14,627 | [SIFT-DBT] | INFO | __main__ | Log file: /home/leggo/AIResearch/VOGBasedMCIDetectionSystemMobileViTSingleExperimentInference/outputs/logs/run_20260704_214914_sift_dbt_swin_s1050_s2500_optA_prior_wvote.log
2026-07-04 21:49:14,628 | [SIFT-DBT] | INFO | __main__ | Loading 4-error CWT cache from: /home/leggo/AIResearch/VOGBasedMCIDetectionSystemMobileViTSingleExperimentInference/outputs/cache/data_store_meta_4err.pkl
2026-07-04 21:49:15,682 | [SIFT-DBT] | INFO | full_experiments_using.data_processor.data_engineering | Loaded preprocessed data_store from cache: /home/leggo/AIResearch/VOGBasedMCIDetectionSystemMobileViTSingleExperimentInference/outputs/cache/data_store_meta_4err.pkl (9378 epochs)
2026-07-04 21:49:15,805 | [SIFT-DBT] | INFO | __main__ | Stage 1 flat windows: 9378 (across 37 unique subjects)
2026-07-04 21:49:16,079 | [SIFT-DBT] | INFO | __main__ | Stage 2 subject bundles: 37  (shape=Ragged[N=37, Tasks=8, Trials=Dynamic])  dropped=0
2026-07-04 21:49:16,209 | [SIFT-DBT] | INFO | candidates.f_swin_sift_dbt.hybrid_trainer | Hybrid CV — 30 folds | device=cuda | tasks=8 | S1(epochs=50, patience=10, lr=5e-05) | S2(epochs=500, patience=30, lr=1e-04) | attention_prior=on
2026-07-04 21:49:16,212 | [SIFT-DBT] | INFO | candidates.f_swin_sift_dbt.hybrid_trainer | ============================================================
2026-07-04 21:49:16,212 | [SIFT-DBT] | INFO | candidates.f_swin_sift_dbt.hybrid_trainer | === Fold 01/30 | train: 25 subj | test: 12 subj ===
2026-07-04 21:49:16,217 | [SIFT-DBT] | INFO | candidates.f_swin_sift_dbt.hybrid_trainer | Stage 1 fold 1 — flat windows: train 5452 (subj=22)  val 855 (subj=3)
2026-07-04 21:49:16,691 | [SIFT-DBT] | INFO | httpx | HTTP Request: HEAD https://huggingface.co/microsoft/swin-tiny-patch4-window7-224/resolve/main/config.json "HTTP/1.1 307 Temporary Redirect"
2026-07-04 21:49:16,711 | [SIFT-DBT] | INFO | httpx | HTTP Request: HEAD https://huggingface.co/api/resolve-cache/models/microsoft/swin-tiny-patch4-window7-224/d00d478bfaf1f417d34a1186673ad4b4be264c51/config.json "HTTP/1.1 200 OK"
2026-07-04 21:49:17,008 | [SIFT-DBT] | INFO | httpx | HTTP Request: HEAD https://huggingface.co/microsoft/swin-tiny-patch4-window7-224/resolve/main/model.safetensors "HTTP/1.1 302 Found"
2026-07-04 21:49:18,377 | [SIFT-DBT] | INFO | candidates.f_swin_sift_dbt.model_trainers.stage1_trainer | Stage 1 CE weights — HC: 1.185  MCI: 0.865
2026-07-04 21:50:03,179 | [SIFT-DBT] | INFO | candidates.f_swin_sift_dbt.model_trainers.stage1_trainer | S1-Ep [001/50] T-Loss: 0.6764  T-Acc:  56.5%  V-Loss: 0.7089  V-Acc:  53.3%  LR: 1.00e-05
2026-07-04 21:50:46,832 | [SIFT-DBT] | INFO | candidates.f_swin_sift_dbt.model_trainers.stage1_trainer | S1-Ep [002/50] T-Loss: 0.6556  T-Acc:  61.7%  V-Loss: 0.7148  V-Acc:  55.2%  LR: 2.00e-05
2026-07-04 21:51:29,053 | [SIFT-DBT] | INFO | candidates.f_swin_sift_dbt.model_trainers.stage1_trainer | S1-Ep [003/50] T-Loss: 0.6336  T-Acc:  63.1%  V-Loss: 0.7015  V-Acc:  57.7%  LR: 3.00e-05
2026-07-04 21:52:12,745 | [SIFT-DBT] | INFO | candidates.f_swin_sift_dbt.model_trainers.stage1_trainer | S1-Ep [004/50] T-Loss: 0.6115  T-Acc:  66.1%  V-Loss: 0.6314  V-Acc:  67.5%  LR: 4.00e-05
2026-07-04 21:52:57,084 | [SIFT-DBT] | INFO | candidates.f_swin_sift_dbt.model_trainers.stage1_trainer | S1-Ep [005/50] T-Loss: 0.5784  T-Acc:  69.0%  V-Loss: 0.9415  V-Acc:  48.8%  LR: 5.00e-05
2026-07-04 21:53:39,211 | [SIFT-DBT] | INFO | candidates.f_swin_sift_dbt.model_trainers.stage1_trainer | S1-Ep [006/50] T-Loss: 0.4938  T-Acc:  75.8%  V-Loss: 0.8887  V-Acc:  55.1%  LR: 5.00e-05
2026-07-04 21:54:21,375 | [SIFT-DBT] | INFO | candidates.f_swin_sift_dbt.model_trainers.stage1_trainer | S1-Ep [007/50] T-Loss: 0.3855  T-Acc:  82.4%  V-Loss: 0.8604  V-Acc:  59.9%  LR: 5.00e-05
2026-07-04 21:55:03,494 | [SIFT-DBT] | INFO | candidates.f_swin_sift_dbt.model_trainers.stage1_trainer | S1-Ep [008/50] T-Loss: 0.2623  T-Acc:  88.9%  V-Loss: 1.9541  V-Acc:  39.3%  LR: 5.00e-05
2026-07-04 21:55:45,594 | [SIFT-DBT] | INFO | candidates.f_swin_sift_dbt.model_trainers.stage1_trainer | S1-Ep [009/50] T-Loss: 0.2073  T-Acc:  92.2%  V-Loss: 1.6237  V-Acc:  47.4%  LR: 5.00e-05
2026-07-04 21:56:27,705 | [SIFT-DBT] | INFO | candidates.f_swin_sift_dbt.model_trainers.stage1_trainer | S1-Ep [010/50] T-Loss: 0.1829  T-Acc:  92.8%  V-Loss: 2.0891  V-Acc:  48.1%  LR: 5.00e-05
2026-07-04 21:57:09,793 | [SIFT-DBT] | INFO | candidates.f_swin_sift_dbt.model_trainers.stage1_trainer | S1-Ep [011/50] T-Loss: 0.1270  T-Acc:  95.2%  V-Loss: 2.1142  V-Acc:  46.5%  LR: 5.00e-05
2026-07-04 21:57:51,952 | [SIFT-DBT] | INFO | candidates.f_swin_sift_dbt.model_trainers.stage1_trainer | S1-Ep [012/50] T-Loss: 0.1360  T-Acc:  94.9%  V-Loss: 3.2180  V-Acc:  43.7%  LR: 5.00e-05
2026-07-04 21:58:34,066 | [SIFT-DBT] | INFO | candidates.f_swin_sift_dbt.model_trainers.stage1_trainer | S1-Ep [013/50] T-Loss: 0.1088  T-Acc:  96.3%  V-Loss: 3.5061  V-Acc:  40.8%  LR: 5.00e-05
2026-07-04 21:59:16,162 | [SIFT-DBT] | INFO | candidates.f_swin_sift_dbt.model_trainers.stage1_trainer | S1-Ep [014/50] T-Loss: 0.0389  T-Acc:  98.7%  V-Loss: 4.0910  V-Acc:  48.5%  LR: 1.00e-05
2026-07-04 21:59:16,163 | [SIFT-DBT] | INFO | candidates.f_swin_sift_dbt.model_trainers.stage1_trainer | Stage 1 early stop — best val loss 0.6314 at epoch 4
2026-07-04 21:59:16,163 | [SIFT-DBT] | INFO | candidates.f_swin_sift_dbt.model_trainers.stage1_trainer | Stage 1 done. Best val loss: 0.6314 (epoch 4)
2026-07-04 21:59:16,335 | [SIFT-DBT] | INFO | candidates.f_swin_sift_dbt.hybrid_trainer | Stage 2 fold 1 — bundles: train 25 (subj=25)  test 12 (subj=12)
2026-07-04 21:59:16,704 | [SIFT-DBT] | INFO | httpx | HTTP Request: HEAD https://huggingface.co/microsoft/swin-tiny-patch4-window7-224/resolve/main/config.json "HTTP/1.1 307 Temporary Redirect"
2026-07-04 21:59:16,721 | [SIFT-DBT] | INFO | httpx | HTTP Request: HEAD https://huggingface.co/api/resolve-cache/models/microsoft/swin-tiny-patch4-window7-224/d00d478bfaf1f417d34a1186673ad4b4be264c51/config.json "HTTP/1.1 200 OK"
2026-07-04 21:59:17,015 | [SIFT-DBT] | INFO | httpx | HTTP Request: HEAD https://huggingface.co/microsoft/swin-tiny-patch4-window7-224/resolve/main/model.safetensors "HTTP/1.1 302 Found"
2026-07-04 21:59:17,467 | [SIFT-DBT] | INFO | candidates.f_swin_sift_dbt.model_trainers.stage2_trainer | Stage 2 trainable params: 0.296 M  |  frozen: 27.519 M
2026-07-04 21:59:17,468 | [SIFT-DBT] | INFO | candidates.f_swin_sift_dbt.model_trainers.stage2_trainer | Stage 2 CE weights — HC: 1.250  MCI: 0.833
