2026-07-04 18:18:42,164 | [SIFT-DBT] | INFO | __main__ | Run ID: 20260704_181842_sift_dbt_swin_s1050_s2500_optA_prior_loo | tasks=(0, 1, 2, 3, 4, 5, 6, 7) | dropout=0.50 | prior=loo | S1(ep=50, pat=10, lr=5e-05) | S2(ep=500, pat=30, lr=1e-04)
2026-07-04 18:18:42,164 | [SIFT-DBT] | INFO | __main__ | Attention prior values (per task): [-0.47999998927116394, -0.04500000178813934, -0.09000000357627869, 0.4650000035762787, -0.014999999664723873, 0.029999999329447746, -0.04500000178813934, 0.7799999713897705]
2026-07-04 18:18:42,165 | [SIFT-DBT] | INFO | __main__ | Log file: /home/leggo/AIResearch/VOGBasedMCIDetectionSystemMobileViTSingleExperimentInference/outputs/logs/run_20260704_181842_sift_dbt_swin_s1050_s2500_optA_prior_loo.log
2026-07-04 18:18:42,166 | [SIFT-DBT] | INFO | __main__ | Loading 4-error CWT cache from: /home/leggo/AIResearch/VOGBasedMCIDetectionSystemMobileViTSingleExperimentInference/outputs/cache/data_store_meta_4err.pkl
2026-07-04 18:18:42,431 | [SIFT-DBT] | INFO | full_experiments_using.data_processor.data_engineering | Loaded preprocessed data_store from cache: /home/leggo/AIResearch/VOGBasedMCIDetectionSystemMobileViTSingleExperimentInference/outputs/cache/data_store_meta_4err.pkl (9378 epochs)
2026-07-04 18:18:42,641 | [SIFT-DBT] | INFO | __main__ | Stage 1 flat windows: 9378 (across 37 unique subjects)
2026-07-04 18:18:42,881 | [SIFT-DBT] | INFO | __main__ | Stage 2 subject bundles: 37  (shape=Ragged[N=37, Tasks=8, Trials=Dynamic])  dropped=0
2026-07-04 18:18:43,002 | [SIFT-DBT] | INFO | candidates.f_swin_sift_dbt.hybrid_trainer | Hybrid CV — 30 folds | device=cuda | tasks=8 | S1(epochs=50, patience=10, lr=5e-05) | S2(epochs=500, patience=30, lr=1e-04) | attention_prior=on
2026-07-04 18:18:43,004 | [SIFT-DBT] | INFO | candidates.f_swin_sift_dbt.hybrid_trainer | ============================================================
2026-07-04 18:18:43,004 | [SIFT-DBT] | INFO | candidates.f_swin_sift_dbt.hybrid_trainer | === Fold 01/30 | train: 25 subj | test: 12 subj ===
2026-07-04 18:18:43,006 | [SIFT-DBT] | INFO | candidates.f_swin_sift_dbt.hybrid_trainer | Stage 1 fold 1 — flat windows: train 5452 (subj=22)  val 855 (subj=3)
2026-07-04 18:18:43,315 | [SIFT-DBT] | INFO | httpx | HTTP Request: HEAD https://huggingface.co/microsoft/swin-tiny-patch4-window7-224/resolve/main/config.json "HTTP/1.1 307 Temporary Redirect"
2026-07-04 18:18:43,331 | [SIFT-DBT] | INFO | httpx | HTTP Request: HEAD https://huggingface.co/api/resolve-cache/models/microsoft/swin-tiny-patch4-window7-224/d00d478bfaf1f417d34a1186673ad4b4be264c51/config.json "HTTP/1.1 200 OK"
2026-07-04 18:18:43,585 | [SIFT-DBT] | INFO | httpx | HTTP Request: HEAD https://huggingface.co/microsoft/swin-tiny-patch4-window7-224/resolve/main/model.safetensors "HTTP/1.1 302 Found"
2026-07-04 18:18:44,580 | [SIFT-DBT] | INFO | candidates.f_swin_sift_dbt.model_trainers.stage1_trainer | Stage 1 CE weights — HC: 1.185  MCI: 0.865
2026-07-04 18:19:27,989 | [SIFT-DBT] | INFO | candidates.f_swin_sift_dbt.model_trainers.stage1_trainer | S1-Ep [001/50] T-Loss: 0.6838  T-Acc:  55.4%  V-Loss: 0.7174  V-Acc:  51.2%  LR: 1.00e-05
2026-07-04 18:20:10,663 | [SIFT-DBT] | INFO | candidates.f_swin_sift_dbt.model_trainers.stage1_trainer | S1-Ep [002/50] T-Loss: 0.6539  T-Acc:  60.4%  V-Loss: 0.7910  V-Acc:  42.3%  LR: 2.00e-05
2026-07-04 18:20:52,939 | [SIFT-DBT] | INFO | candidates.f_swin_sift_dbt.model_trainers.stage1_trainer | S1-Ep [003/50] T-Loss: 0.6280  T-Acc:  63.4%  V-Loss: 0.7512  V-Acc:  45.4%  LR: 3.00e-05
2026-07-04 18:21:35,159 | [SIFT-DBT] | INFO | candidates.f_swin_sift_dbt.model_trainers.stage1_trainer | S1-Ep [004/50] T-Loss: 0.6095  T-Acc:  66.2%  V-Loss: 0.7146  V-Acc:  56.5%  LR: 4.00e-05
2026-07-04 18:22:20,143 | [SIFT-DBT] | INFO | candidates.f_swin_sift_dbt.model_trainers.stage1_trainer | S1-Ep [005/50] T-Loss: 0.5777  T-Acc:  69.7%  V-Loss: 0.8787  V-Acc:  51.1%  LR: 5.00e-05
2026-07-04 18:23:02,479 | [SIFT-DBT] | INFO | candidates.f_swin_sift_dbt.model_trainers.stage1_trainer | S1-Ep [006/50] T-Loss: 0.5054  T-Acc:  75.0%  V-Loss: 0.9148  V-Acc:  50.6%  LR: 5.00e-05
2026-07-04 18:23:44,649 | [SIFT-DBT] | INFO | candidates.f_swin_sift_dbt.model_trainers.stage1_trainer | S1-Ep [007/50] T-Loss: 0.4074  T-Acc:  81.0%  V-Loss: 0.9346  V-Acc:  51.7%  LR: 5.00e-05
2026-07-04 18:24:26,869 | [SIFT-DBT] | INFO | candidates.f_swin_sift_dbt.model_trainers.stage1_trainer | S1-Ep [008/50] T-Loss: 0.2808  T-Acc:  88.1%  V-Loss: 1.4429  V-Acc:  46.5%  LR: 5.00e-05
2026-07-04 18:25:09,176 | [SIFT-DBT] | INFO | candidates.f_swin_sift_dbt.model_trainers.stage1_trainer | S1-Ep [009/50] T-Loss: 0.1927  T-Acc:  92.3%  V-Loss: 1.5802  V-Acc:  49.6%  LR: 5.00e-05
2026-07-04 18:25:51,665 | [SIFT-DBT] | INFO | candidates.f_swin_sift_dbt.model_trainers.stage1_trainer | S1-Ep [010/50] T-Loss: 0.1572  T-Acc:  94.0%  V-Loss: 2.5332  V-Acc:  43.7%  LR: 5.00e-05
2026-07-04 18:26:34,522 | [SIFT-DBT] | INFO | candidates.f_swin_sift_dbt.model_trainers.stage1_trainer | S1-Ep [011/50] T-Loss: 0.1398  T-Acc:  95.0%  V-Loss: 2.8211  V-Acc:  40.9%  LR: 5.00e-05
2026-07-04 18:27:17,843 | [SIFT-DBT] | INFO | candidates.f_swin_sift_dbt.model_trainers.stage1_trainer | S1-Ep [012/50] T-Loss: 0.1284  T-Acc:  95.3%  V-Loss: 2.8974  V-Acc:  49.7%  LR: 5.00e-05
2026-07-04 18:28:00,121 | [SIFT-DBT] | INFO | candidates.f_swin_sift_dbt.model_trainers.stage1_trainer | S1-Ep [013/50] T-Loss: 0.0535  T-Acc:  98.2%  V-Loss: 4.0123  V-Acc:  45.6%  LR: 1.00e-05
2026-07-04 18:28:42,388 | [SIFT-DBT] | INFO | candidates.f_swin_sift_dbt.model_trainers.stage1_trainer | S1-Ep [014/50] T-Loss: 0.0351  T-Acc:  99.0%  V-Loss: 4.9681  V-Acc:  45.7%  LR: 1.00e-05
2026-07-04 18:28:42,388 | [SIFT-DBT] | INFO | candidates.f_swin_sift_dbt.model_trainers.stage1_trainer | Stage 1 early stop — best val loss 0.7146 at epoch 4
2026-07-04 18:28:42,388 | [SIFT-DBT] | INFO | candidates.f_swin_sift_dbt.model_trainers.stage1_trainer | Stage 1 done. Best val loss: 0.7146 (epoch 4)
2026-07-04 18:28:42,472 | [SIFT-DBT] | INFO | candidates.f_swin_sift_dbt.hybrid_trainer | Stage 2 fold 1 — bundles: train 25 (subj=25)  test 12 (subj=12)
2026-07-04 18:28:42,724 | [SIFT-DBT] | INFO | httpx | HTTP Request: HEAD https://huggingface.co/microsoft/swin-tiny-patch4-window7-224/resolve/main/config.json "HTTP/1.1 307 Temporary Redirect"
2026-07-04 18:28:42,740 | [SIFT-DBT] | INFO | httpx | HTTP Request: HEAD https://huggingface.co/api/resolve-cache/models/microsoft/swin-tiny-patch4-window7-224/d00d478bfaf1f417d34a1186673ad4b4be264c51/config.json "HTTP/1.1 200 OK"
2026-07-04 18:28:43,012 | [SIFT-DBT] | INFO | httpx | HTTP Request: HEAD https://huggingface.co/microsoft/swin-tiny-patch4-window7-224/resolve/main/model.safetensors "HTTP/1.1 302 Found"
2026-07-04 18:28:43,546 | [SIFT-DBT] | INFO | candidates.f_swin_sift_dbt.model_trainers.stage2_trainer | Stage 2 trainable params: 0.591 M  |  frozen: 27.519 M
2026-07-04 18:28:43,546 | [SIFT-DBT] | INFO | candidates.f_swin_sift_dbt.model_trainers.stage2_trainer | Stage 2 CE weights — HC: 1.250  MCI: 0.833
2026-07-04 18:29:21,505 | [SIFT-DBT] | INFO | candidates.f_swin_sift_dbt.model_trainers.stage2_trainer | S2-Ep [001/500] T-Acc:  72.0%  V-Acc:  58.3%  V-AUROC: 0.6875  LR: 2.00e-05
2026-07-04 18:29:44,424 | [SIFT-DBT] | INFO | candidates.f_swin_sift_dbt.model_trainers.stage2_trainer | S2-Ep [002/500] T-Acc:  96.0%  V-Acc:  50.0%  V-AUROC: 0.7812  LR: 4.00e-05
2026-07-04 18:30:09,960 | [SIFT-DBT] | INFO | candidates.f_swin_sift_dbt.model_trainers.stage2_trainer | S2-Ep [003/500] T-Acc:  96.0%  V-Acc:  50.0%  V-AUROC: 0.8125  LR: 6.00e-05
2026-07-04 18:30:35,161 | [SIFT-DBT] | INFO | candidates.f_swin_sift_dbt.model_trainers.stage2_trainer | S2-Ep [004/500] T-Acc:  96.0%  V-Acc:  66.7%  V-AUROC: 0.7812  LR: 8.00e-05
2026-07-04 18:30:58,875 | [SIFT-DBT] | INFO | candidates.f_swin_sift_dbt.model_trainers.stage2_trainer | S2-Ep [005/500] T-Acc: 100.0%  V-Acc:  41.7%  V-AUROC: 0.7812  LR: 1.00e-04
2026-07-04 18:31:21,521 | [SIFT-DBT] | INFO | candidates.f_swin_sift_dbt.model_trainers.stage2_trainer | S2-Ep [006/500] T-Acc:  96.0%  V-Acc:  41.7%  V-AUROC: 0.7500  LR: 1.00e-04
2026-07-04 18:31:46,908 | [SIFT-DBT] | INFO | candidates.f_swin_sift_dbt.model_trainers.stage2_trainer | S2-Ep [007/500] T-Acc:  96.0%  V-Acc:  41.7%  V-AUROC: 0.7500  LR: 1.00e-04
2026-07-04 18:32:09,552 | [SIFT-DBT] | INFO | candidates.f_swin_sift_dbt.model_trainers.stage2_trainer | S2-Ep [008/500] T-Acc:  96.0%  V-Acc:  41.7%  V-AUROC: 0.7188  LR: 1.00e-04
2026-07-04 18:32:35,798 | [SIFT-DBT] | INFO | candidates.f_swin_sift_dbt.model_trainers.stage2_trainer | S2-Ep [009/500] T-Acc:  96.0%  V-Acc:  41.7%  V-AUROC: 0.7188  LR: 1.00e-04
2026-07-04 18:32:58,341 | [SIFT-DBT] | INFO | candidates.f_swin_sift_dbt.model_trainers.stage2_trainer | S2-Ep [010/500] T-Acc:  96.0%  V-Acc:  41.7%  V-AUROC: 0.7188  LR: 1.00e-04
2026-07-04 18:33:20,820 | [SIFT-DBT] | INFO | candidates.f_swin_sift_dbt.model_trainers.stage2_trainer | S2-Ep [011/500] T-Acc:  96.0%  V-Acc:  41.7%  V-AUROC: 0.7500  LR: 1.00e-04
2026-07-04 18:33:43,400 | [SIFT-DBT] | INFO | candidates.f_swin_sift_dbt.model_trainers.stage2_trainer | S2-Ep [012/500] T-Acc:  96.0%  V-Acc:  41.7%  V-AUROC: 0.7188  LR: 1.00e-04
2026-07-04 18:34:05,974 | [SIFT-DBT] | INFO | candidates.f_swin_sift_dbt.model_trainers.stage2_trainer | S2-Ep [013/500] T-Acc:  96.0%  V-Acc:  41.7%  V-AUROC: 0.7188  LR: 1.00e-04
2026-07-04 18:34:28,519 | [SIFT-DBT] | INFO | candidates.f_swin_sift_dbt.model_trainers.stage2_trainer | S2-Ep [014/500] T-Acc: 100.0%  V-Acc:  41.7%  V-AUROC: 0.6875  LR: 1.00e-04
2026-07-04 18:34:51,021 | [SIFT-DBT] | INFO | candidates.f_swin_sift_dbt.model_trainers.stage2_trainer | S2-Ep [015/500] T-Acc: 100.0%  V-Acc:  41.7%  V-AUROC: 0.6562  LR: 1.00e-04
2026-07-04 18:35:13,556 | [SIFT-DBT] | INFO | candidates.f_swin_sift_dbt.model_trainers.stage2_trainer | S2-Ep [016/500] T-Acc: 100.0%  V-Acc:  41.7%  V-AUROC: 0.6562  LR: 1.00e-04
2026-07-04 18:35:36,011 | [SIFT-DBT] | INFO | candidates.f_swin_sift_dbt.model_trainers.stage2_trainer | S2-Ep [017/500] T-Acc: 100.0%  V-Acc:  41.7%  V-AUROC: 0.6562  LR: 1.00e-04
2026-07-04 18:35:58,698 | [SIFT-DBT] | INFO | candidates.f_swin_sift_dbt.model_trainers.stage2_trainer | S2-Ep [018/500] T-Acc: 100.0%  V-Acc:  41.7%  V-AUROC: 0.6562  LR: 2.00e-05
2026-07-04 18:36:21,430 | [SIFT-DBT] | INFO | candidates.f_swin_sift_dbt.model_trainers.stage2_trainer | S2-Ep [019/500] T-Acc: 100.0%  V-Acc:  41.7%  V-AUROC: 0.6562  LR: 2.00e-05
2026-07-04 18:36:44,068 | [SIFT-DBT] | INFO | candidates.f_swin_sift_dbt.model_trainers.stage2_trainer | S2-Ep [020/500] T-Acc: 100.0%  V-Acc:  41.7%  V-AUROC: 0.6562  LR: 2.00e-05
2026-07-04 18:37:06,638 | [SIFT-DBT] | INFO | candidates.f_swin_sift_dbt.model_trainers.stage2_trainer | S2-Ep [021/500] T-Acc: 100.0%  V-Acc:  41.7%  V-AUROC: 0.6562  LR: 2.00e-05
2026-07-04 18:37:29,189 | [SIFT-DBT] | INFO | candidates.f_swin_sift_dbt.model_trainers.stage2_trainer | S2-Ep [022/500] T-Acc: 100.0%  V-Acc:  41.7%  V-AUROC: 0.6562  LR: 2.00e-05
2026-07-04 18:37:51,926 | [SIFT-DBT] | INFO | candidates.f_swin_sift_dbt.model_trainers.stage2_trainer | S2-Ep [023/500] T-Acc: 100.0%  V-Acc:  41.7%  V-AUROC: 0.6562  LR: 2.00e-05
2026-07-04 18:38:14,400 | [SIFT-DBT] | INFO | candidates.f_swin_sift_dbt.model_trainers.stage2_trainer | S2-Ep [024/500] T-Acc: 100.0%  V-Acc:  41.7%  V-AUROC: 0.6562  LR: 2.00e-05
2026-07-04 18:38:36,938 | [SIFT-DBT] | INFO | candidates.f_swin_sift_dbt.model_trainers.stage2_trainer | S2-Ep [025/500] T-Acc: 100.0%  V-Acc:  41.7%  V-AUROC: 0.6562  LR: 2.00e-05
2026-07-04 18:38:59,348 | [SIFT-DBT] | INFO | candidates.f_swin_sift_dbt.model_trainers.stage2_trainer | S2-Ep [026/500] T-Acc: 100.0%  V-Acc:  41.7%  V-AUROC: 0.6562  LR: 2.00e-05
2026-07-04 18:39:21,779 | [SIFT-DBT] | INFO | candidates.f_swin_sift_dbt.model_trainers.stage2_trainer | S2-Ep [027/500] T-Acc: 100.0%  V-Acc:  50.0%  V-AUROC: 0.6562  LR: 2.00e-05
2026-07-04 18:39:44,416 | [SIFT-DBT] | INFO | candidates.f_swin_sift_dbt.model_trainers.stage2_trainer | S2-Ep [028/500] T-Acc: 100.0%  V-Acc:  50.0%  V-AUROC: 0.6562  LR: 2.00e-05
2026-07-04 18:40:08,534 | [SIFT-DBT] | INFO | candidates.f_swin_sift_dbt.model_trainers.stage2_trainer | S2-Ep [029/500] T-Acc: 100.0%  V-Acc:  50.0%  V-AUROC: 0.6562  LR: 4.00e-06
2026-07-04 18:40:31,359 | [SIFT-DBT] | INFO | candidates.f_swin_sift_dbt.model_trainers.stage2_trainer | S2-Ep [030/500] T-Acc: 100.0%  V-Acc:  50.0%  V-AUROC: 0.6562  LR: 4.00e-06
2026-07-04 18:40:54,041 | [SIFT-DBT] | INFO | candidates.f_swin_sift_dbt.model_trainers.stage2_trainer | S2-Ep [031/500] T-Acc: 100.0%  V-Acc:  50.0%  V-AUROC: 0.6562  LR: 4.00e-06
2026-07-04 18:41:16,499 | [SIFT-DBT] | INFO | candidates.f_swin_sift_dbt.model_trainers.stage2_trainer | S2-Ep [032/500] T-Acc: 100.0%  V-Acc:  50.0%  V-AUROC: 0.6562  LR: 4.00e-06
2026-07-04 18:41:39,102 | [SIFT-DBT] | INFO | candidates.f_swin_sift_dbt.model_trainers.stage2_trainer | S2-Ep [033/500] T-Acc: 100.0%  V-Acc:  50.0%  V-AUROC: 0.6562  LR: 4.00e-06
2026-07-04 18:41:39,103 | [SIFT-DBT] | INFO | candidates.f_swin_sift_dbt.model_trainers.stage2_trainer | Stage 2 early stop — best AUROC 0.8125 at epoch 3
2026-07-04 18:41:39,737 | [SIFT-DBT] | INFO | candidates.f_swin_sift_dbt.model_trainers.stage2_trainer | Restored best-AUROC Stage 2 state (epoch 3, AUROC 0.8125)
2026-07-04 18:41:39,737 | [SIFT-DBT] | INFO | candidates.f_swin_sift_dbt.model_trainers.stage2_trainer | Stage 2 done. Best val AUROC: 0.8125 (epoch 3)
